0 verbose cli /opt/homebrew/Cellar/node/26.7.0/bin/node /opt/homebrew/lib/node_modules/npm/bin/npm-cli.js
1 info using npm@11.19.0
2 info using node@v26.7.0
3 silly config load:file:/opt/homebrew/lib/node_modules/npm/npmrc
4 silly config load:file:/Users/jhomc/Proyectos/entrenamiento/.npmrc
5 silly config load:file:/Users/jhomc/.npmrc
6 silly config load:file:/opt/homebrew/etc/npmrc
7 verbose title npm exec tailwindcss@3.4.17 --content templates/**/*.html,static/js/**/*.js -i static/css/input.css -o static/css/tailwind.css --minify
8 verbose argv "exec" "--yes" "--" "tailwindcss@3.4.17" "--content" "templates/**/*.html,static/js/**/*.js" "-i" "static/css/input.css" "-o" "static/css/tailwind.css" "--minify"
9 verbose logfile logs-max:10 dir:/Users/jhomc/proyectos/entrenamiento/.npm/_logs/2026-08-13T13_22_24_909Z-
10 verbose logfile /Users/jhomc/proyectos/entrenamiento/.npm/_logs/2026-08-13T13_22_24_909Z-debug-0.log
11 silly logfile done cleaning log files
12 silly packumentCache heap:4395630592 maxSize:1098907648 maxEntrySize:549453824
13 http fetch GET 200 https://registry.npmjs.org/npm 264ms
14 http fetch GET 200 https://registry.npmjs.org/tailwindcss 295ms (cache miss)
15 silly packumentCache heap:4395630592 maxSize:1098907648 maxEntrySize:549453824
16 silly packumentCache heap:4395630592 maxSize:1098907648 maxEntrySize:549453824
17 silly idealTree buildDeps
18 silly fetch manifest tailwindcss@3.4.17
19 silly packumentCache full:https://registry.npmjs.org/tailwindcss cache-miss
20 http fetch GET 200 https://registry.npmjs.org/tailwindcss 178ms (cache miss)
21 silly packumentCache full:https://registry.npmjs.org/tailwindcss set size:undefined disposed:false
22 silly placeDep ROOT tailwindcss@3.4.17 OK for:  want: 3.4.17
23 silly fetch manifest arg@^5.0.2
24 silly packumentCache full:https://registry.npmjs.org/arg cache-miss
25 silly fetch manifest dlv@^1.1.3
26 silly packumentCache full:https://registry.npmjs.org/dlv cache-miss
27 silly fetch manifest jiti@^1.21.6
28 silly packumentCache full:https://registry.npmjs.org/jiti cache-miss
29 silly fetch manifest is-glob@^4.0.3
30 silly packumentCache full:https://registry.npmjs.org/is-glob cache-miss
31 silly fetch manifest postcss@^8.4.47
32 silly packumentCache full:https://registry.npmjs.org/postcss cache-miss
33 silly fetch manifest resolve@^1.22.8
34 silly packumentCache full:https://registry.npmjs.org/resolve cache-miss
35 silly fetch manifest sucrase@^3.35.0
36 silly packumentCache full:https://registry.npmjs.org/sucrase cache-miss
37 silly fetch manifest chokidar@^3.6.0
38 silly packumentCache full:https://registry.npmjs.org/chokidar cache-miss
39 silly fetch manifest fast-glob@^3.3.2
40 silly packumentCache full:https://registry.npmjs.org/fast-glob cache-miss
41 silly fetch manifest lilconfig@^3.1.3
42 silly packumentCache full:https://registry.npmjs.org/lilconfig cache-miss
43 http fetch GET 200 https://registry.npmjs.org/dlv 46ms (cache miss)
44 silly packumentCache full:https://registry.npmjs.org/dlv set size:undefined disposed:false
45 silly fetch manifest didyoumean@^1.2.2
46 silly packumentCache full:https://registry.npmjs.org/didyoumean cache-miss
47 http fetch GET 200 https://registry.npmjs.org/arg 51ms (cache miss)
48 silly packumentCache full:https://registry.npmjs.org/arg set size:undefined disposed:false
49 silly fetch manifest micromatch@^4.0.8
50 silly packumentCache full:https://registry.npmjs.org/micromatch cache-miss
51 http fetch GET 200 https://registry.npmjs.org/didyoumean 36ms (cache miss)
52 silly packumentCache full:https://registry.npmjs.org/didyoumean set size:undefined disposed:false
53 silly fetch manifest picocolors@^1.1.1
54 silly packumentCache full:https://registry.npmjs.org/picocolors cache-miss
55 http fetch GET 200 https://registry.npmjs.org/micromatch 48ms (cache miss)
56 silly packumentCache full:https://registry.npmjs.org/micromatch set size:undefined disposed:false
57 silly fetch manifest postcss-js@^4.0.1
58 silly packumentCache full:https://registry.npmjs.org/postcss-js cache-miss
59 http fetch GET 200 https://registry.npmjs.org/picocolors 38ms (cache miss)
60 silly packumentCache full:https://registry.npmjs.org/picocolors set size:undefined disposed:false
61 silly fetch manifest glob-parent@^6.0.2
62 silly packumentCache full:https://registry.npmjs.org/glob-parent cache-miss
63 http fetch GET 200 https://registry.npmjs.org/is-glob 133ms (cache miss)
64 silly packumentCache full:https://registry.npmjs.org/is-glob set size:undefined disposed:false
65 silly fetch manifest object-hash@^3.0.0
66 silly packumentCache full:https://registry.npmjs.org/object-hash cache-miss
67 http fetch GET 200 https://registry.npmjs.org/postcss-js 41ms (cache miss)
68 silly packumentCache full:https://registry.npmjs.org/postcss-js set size:undefined disposed:false
69 silly fetch manifest normalize-path@^3.0.0
70 silly packumentCache full:https://registry.npmjs.org/normalize-path cache-miss
71 http fetch GET 200 https://registry.npmjs.org/fast-glob 147ms (cache miss)
72 silly packumentCache full:https://registry.npmjs.org/fast-glob set size:undefined disposed:false
73 silly fetch manifest postcss-import@^15.1.0
74 silly packumentCache full:https://registry.npmjs.org/postcss-import cache-miss
75 http fetch GET 200 https://registry.npmjs.org/sucrase 151ms (cache miss)
76 silly packumentCache full:https://registry.npmjs.org/sucrase set size:undefined disposed:false
77 silly fetch manifest postcss-nested@^6.2.0
78 silly packumentCache full:https://registry.npmjs.org/postcss-nested cache-miss
79 http fetch GET 200 https://registry.npmjs.org/resolve 157ms (cache miss)
80 silly packumentCache full:https://registry.npmjs.org/resolve set size:undefined disposed:false
81 silly fetch manifest @alloc/quick-lru@^5.2.0
82 silly packumentCache full:https://registry.npmjs.org/@alloc%2fquick-lru cache-miss
83 http fetch GET 200 https://registry.npmjs.org/glob-parent 43ms (cache miss)
84 silly packumentCache full:https://registry.npmjs.org/glob-parent set size:undefined disposed:false
85 silly fetch manifest postcss-load-config@^4.0.2
86 silly packumentCache full:https://registry.npmjs.org/postcss-load-config cache-miss
87 http fetch GET 200 https://registry.npmjs.org/jiti 170ms (cache miss)
88 silly packumentCache full:https://registry.npmjs.org/jiti set size:undefined disposed:false
89 silly fetch manifest postcss-selector-parser@^6.1.2
90 silly packumentCache full:https://registry.npmjs.org/postcss-selector-parser cache-miss
91 http fetch GET 200 https://registry.npmjs.org/lilconfig 174ms (cache miss)
92 silly packumentCache full:https://registry.npmjs.org/lilconfig set size:undefined disposed:false
93 http fetch GET 200 https://registry.npmjs.org/postcss 177ms (cache miss)
94 silly packumentCache full:https://registry.npmjs.org/postcss set size:undefined disposed:false
95 http fetch GET 200 https://registry.npmjs.org/object-hash 48ms (cache miss)
96 silly packumentCache full:https://registry.npmjs.org/object-hash set size:undefined disposed:false
97 http fetch GET 200 https://registry.npmjs.org/normalize-path 43ms (cache miss)
98 silly packumentCache full:https://registry.npmjs.org/normalize-path set size:undefined disposed:false
99 http fetch GET 200 https://registry.npmjs.org/postcss-import 41ms (cache miss)
100 silly packumentCache full:https://registry.npmjs.org/postcss-import set size:undefined disposed:false
101 http fetch GET 200 https://registry.npmjs.org/postcss-nested 40ms (cache miss)
102 silly packumentCache full:https://registry.npmjs.org/postcss-nested set size:undefined disposed:false
103 http fetch GET 200 https://registry.npmjs.org/@alloc%2fquick-lru 48ms (cache miss)
104 silly packumentCache full:https://registry.npmjs.org/@alloc%2fquick-lru set size:undefined disposed:false
105 http fetch GET 200 https://registry.npmjs.org/postcss-selector-parser 42ms (cache miss)
106 silly packumentCache full:https://registry.npmjs.org/postcss-selector-parser set size:undefined disposed:false
107 http fetch GET 200 https://registry.npmjs.org/postcss-load-config 50ms (cache miss)
108 silly packumentCache full:https://registry.npmjs.org/postcss-load-config set size:undefined disposed:false
109 http fetch GET 200 https://registry.npmjs.org/chokidar 1473ms (cache miss)
110 silly packumentCache full:https://registry.npmjs.org/chokidar set size:undefined disposed:false
111 silly fetch manifest ts-node@>=9.0.0
112 silly packumentCache full:https://registry.npmjs.org/ts-node cache-miss
113 http fetch GET 200 https://registry.npmjs.org/ts-node 60ms (cache miss)
114 silly packumentCache full:https://registry.npmjs.org/ts-node set size:undefined disposed:false
115 silly fetch manifest @swc/core@>=1.2.50
116 silly packumentCache full:https://registry.npmjs.org/@swc%2fcore cache-miss
117 http fetch GET 200 https://registry.npmjs.org/@swc%2fcore 276ms (cache miss)
118 silly packumentCache full:https://registry.npmjs.org/@swc%2fcore set size:undefined disposed:false
119 silly fetch manifest @swc/helpers@>=0.5.17
120 silly packumentCache full:https://registry.npmjs.org/@swc%2fhelpers cache-miss
121 http fetch GET 200 https://registry.npmjs.org/@swc%2fhelpers 76ms (cache miss)
122 silly packumentCache full:https://registry.npmjs.org/@swc%2fhelpers set size:undefined disposed:false
123 silly fetch manifest @swc/wasm@>=1.2.50
124 silly packumentCache full:https://registry.npmjs.org/@swc%2fwasm cache-miss
125 http fetch GET 200 https://registry.npmjs.org/@swc%2fwasm 329ms (cache miss)
126 silly packumentCache full:https://registry.npmjs.org/@swc%2fwasm set size:undefined disposed:false
127 silly fetch manifest @types/node@*
128 silly packumentCache full:https://registry.npmjs.org/@types%2fnode cache-miss
129 http fetch GET 200 https://registry.npmjs.org/@types%2fnode 217ms (cache miss)
130 silly packumentCache full:https://registry.npmjs.org/@types%2fnode set size:undefined disposed:false
131 silly fetch manifest typescript@>=2.7
132 silly packumentCache full:https://registry.npmjs.org/typescript cache-miss
133 http fetch GET 200 https://registry.npmjs.org/typescript 307ms (cache miss)
134 silly packumentCache full:https://registry.npmjs.org/typescript set size:undefined disposed:false
135 silly placeDep ROOT @alloc/quick-lru@5.2.0 OK for: tailwindcss@3.4.17 want: ^5.2.0
136 silly placeDep ROOT arg@5.0.2 OK for: tailwindcss@3.4.17 want: ^5.0.2
137 silly placeDep ROOT chokidar@3.6.0 OK for: tailwindcss@3.4.17 want: ^3.6.0
138 silly placeDep ROOT didyoumean@1.2.2 OK for: tailwindcss@3.4.17 want: ^1.2.2
139 silly placeDep ROOT dlv@1.1.3 OK for: tailwindcss@3.4.17 want: ^1.1.3
140 silly placeDep ROOT fast-glob@3.3.3 OK for: tailwindcss@3.4.17 want: ^3.3.2
141 silly placeDep ROOT glob-parent@6.0.2 OK for: tailwindcss@3.4.17 want: ^6.0.2
142 silly placeDep ROOT is-glob@4.0.3 OK for: tailwindcss@3.4.17 want: ^4.0.3
143 silly placeDep ROOT jiti@1.21.7 OK for: tailwindcss@3.4.17 want: ^1.21.6
144 silly placeDep ROOT lilconfig@3.1.3 OK for: tailwindcss@3.4.17 want: ^3.1.3
145 silly placeDep ROOT micromatch@4.0.8 OK for: tailwindcss@3.4.17 want: ^4.0.8
146 silly placeDep ROOT normalize-path@3.0.0 OK for: tailwindcss@3.4.17 want: ^3.0.0
147 silly placeDep ROOT object-hash@3.0.0 OK for: tailwindcss@3.4.17 want: ^3.0.0
148 silly placeDep ROOT picocolors@1.1.1 OK for: tailwindcss@3.4.17 want: ^1.1.1
149 silly placeDep ROOT postcss@8.5.26 OK for: tailwindcss@3.4.17 want: ^8.4.47
150 silly placeDep ROOT postcss-import@15.1.0 OK for: tailwindcss@3.4.17 want: ^15.1.0
151 silly placeDep ROOT postcss-js@4.1.0 OK for: tailwindcss@3.4.17 want: ^4.0.1
152 silly placeDep ROOT postcss-load-config@4.0.2 OK for: tailwindcss@3.4.17 want: ^4.0.2
153 silly placeDep ROOT postcss-nested@6.2.0 OK for: tailwindcss@3.4.17 want: ^6.2.0
154 silly placeDep ROOT postcss-selector-parser@6.1.4 OK for: tailwindcss@3.4.17 want: ^6.1.2
155 silly placeDep ROOT resolve@1.22.12 OK for: tailwindcss@3.4.17 want: ^1.22.8
156 silly placeDep ROOT sucrase@3.35.1 OK for: tailwindcss@3.4.17 want: ^3.35.0
157 silly fetch manifest braces@~3.0.2
158 silly packumentCache full:https://registry.npmjs.org/braces cache-miss
159 silly fetch manifest is-glob@~4.0.1
160 silly packumentCache full:https://registry.npmjs.org/is-glob cache-miss
161 silly fetch manifest anymatch@~3.1.2
162 silly packumentCache full:https://registry.npmjs.org/anymatch cache-miss
163 silly fetch manifest readdirp@~3.6.0
164 silly packumentCache full:https://registry.npmjs.org/readdirp cache-miss
165 silly fetch manifest glob-parent@~5.1.2
166 silly packumentCache full:https://registry.npmjs.org/glob-parent cache-miss
167 silly fetch manifest is-binary-path@~2.1.0
168 silly packumentCache full:https://registry.npmjs.org/is-binary-path cache-miss
169 silly fetch manifest normalize-path@~3.0.0
170 silly packumentCache full:https://registry.npmjs.org/normalize-path cache-miss
171 silly fetch manifest fsevents@~2.3.2
172 silly packumentCache full:https://registry.npmjs.org/fsevents cache-miss
173 silly fetch manifest @nodelib/fs.stat@^2.0.2
174 silly packumentCache full:https://registry.npmjs.org/@nodelib%2ffs.stat cache-miss
175 silly fetch manifest @nodelib/fs.walk@^1.2.3
176 silly packumentCache full:https://registry.npmjs.org/@nodelib%2ffs.walk cache-miss
177 http cache https://registry.npmjs.org/glob-parent 11ms (cache hit)
178 silly packumentCache full:https://registry.npmjs.org/glob-parent set size:42445 disposed:false
179 silly fetch manifest glob-parent@^5.1.2
180 silly packumentCache full:https://registry.npmjs.org/glob-parent cache-hit
181 silly fetch manifest merge2@^1.3.0
182 silly packumentCache full:https://registry.npmjs.org/merge2 cache-miss
183 http cache https://registry.npmjs.org/is-glob 13ms (cache hit)
184 silly packumentCache full:https://registry.npmjs.org/is-glob set size:40530 disposed:false
185 silly fetch manifest is-extglob@^2.1.1
186 silly packumentCache full:https://registry.npmjs.org/is-extglob cache-miss
187 http cache https://registry.npmjs.org/normalize-path 13ms (cache hit)
188 silly packumentCache full:https://registry.npmjs.org/normalize-path set size:28713 disposed:false
189 silly fetch manifest braces@^3.0.3
190 silly packumentCache full:https://registry.npmjs.org/braces cache-miss
191 http fetch GET 200 https://registry.npmjs.org/is-binary-path 46ms (cache miss)
192 silly packumentCache full:https://registry.npmjs.org/is-binary-path set size:undefined disposed:false
193 silly fetch manifest picomatch@^2.3.1
194 silly packumentCache full:https://registry.npmjs.org/picomatch cache-miss
195 http fetch GET 200 https://registry.npmjs.org/anymatch 47ms (cache miss)
196 silly packumentCache full:https://registry.npmjs.org/anymatch set size:undefined disposed:false
197 silly fetch manifest nanoid@^3.3.17
198 silly packumentCache full:https://registry.npmjs.org/nanoid cache-miss
199 http fetch GET 200 https://registry.npmjs.org/braces 50ms (cache miss)
200 silly packumentCache full:https://registry.npmjs.org/braces set size:undefined disposed:false
201 silly fetch manifest source-map-js@^1.2.1
202 silly packumentCache full:https://registry.npmjs.org/source-map-js cache-miss
203 http fetch GET 200 https://registry.npmjs.org/fsevents 52ms (cache miss)
204 silly packumentCache full:https://registry.npmjs.org/fsevents set size:undefined disposed:false
205 silly fetch manifest resolve@^1.1.7
206 silly packumentCache full:https://registry.npmjs.org/resolve cache-miss
207 http fetch GET 200 https://registry.npmjs.org/readdirp 53ms (cache miss)
208 silly packumentCache full:https://registry.npmjs.org/readdirp set size:undefined disposed:false
209 silly fetch manifest read-cache@^1.0.0
210 silly packumentCache full:https://registry.npmjs.org/read-cache cache-miss
211 http fetch GET 200 https://registry.npmjs.org/@nodelib%2ffs.walk 55ms (cache miss)
212 silly packumentCache full:https://registry.npmjs.org/@nodelib%2ffs.walk set size:undefined disposed:false
213 silly fetch manifest postcss-value-parser@^4.0.0
214 silly packumentCache full:https://registry.npmjs.org/postcss-value-parser cache-miss
215 http fetch GET 200 https://registry.npmjs.org/is-extglob 44ms (cache miss)
216 silly packumentCache full:https://registry.npmjs.org/is-extglob set size:undefined disposed:false
217 silly fetch manifest camelcase-css@^2.0.1
218 silly packumentCache full:https://registry.npmjs.org/camelcase-css cache-miss
219 http fetch GET 200 https://registry.npmjs.org/merge2 46ms (cache miss)
220 silly packumentCache full:https://registry.npmjs.org/merge2 set size:undefined disposed:false
221 silly fetch manifest yaml@^2.3.4
222 silly packumentCache full:https://registry.npmjs.org/yaml cache-miss
223 http fetch GET 200 https://registry.npmjs.org/braces 46ms (cache miss)
224 silly packumentCache full:https://registry.npmjs.org/braces set size:undefined disposed:false
225 silly fetch manifest postcss-selector-parser@^6.1.1
226 silly packumentCache full:https://registry.npmjs.org/postcss-selector-parser cache-miss
227 http cache https://registry.npmjs.org/resolve 8ms (cache hit)
228 silly packumentCache full:https://registry.npmjs.org/resolve set size:244568 disposed:false
229 silly fetch manifest cssesc@^3.0.0
230 silly packumentCache full:https://registry.npmjs.org/cssesc cache-miss
231 http cache https://registry.npmjs.org/postcss-selector-parser 4ms (cache hit)
232 silly packumentCache full:https://registry.npmjs.org/postcss-selector-parser set size:196939 disposed:false
233 silly fetch manifest util-deprecate@^1.0.2
234 silly packumentCache full:https://registry.npmjs.org/util-deprecate cache-miss
235 http fetch GET 200 https://registry.npmjs.org/nanoid 42ms (cache miss)
236 silly packumentCache full:https://registry.npmjs.org/nanoid set size:undefined disposed:false
237 silly fetch manifest es-errors@^1.3.0
238 silly packumentCache full:https://registry.npmjs.org/es-errors cache-miss
239 http fetch GET 200 https://registry.npmjs.org/source-map-js 43ms (cache miss)
240 silly packumentCache full:https://registry.npmjs.org/source-map-js set size:undefined disposed:false
241 silly fetch manifest path-parse@^1.0.7
242 silly packumentCache full:https://registry.npmjs.org/path-parse cache-miss
243 http fetch GET 200 https://registry.npmjs.org/camelcase-css 38ms (cache miss)
244 silly packumentCache full:https://registry.npmjs.org/camelcase-css set size:undefined disposed:false
245 silly fetch manifest is-core-module@^2.16.1
246 silly packumentCache full:https://registry.npmjs.org/is-core-module cache-miss
247 http fetch GET 200 https://registry.npmjs.org/picomatch 54ms (cache miss)
248 silly packumentCache full:https://registry.npmjs.org/picomatch set size:undefined disposed:false
249 silly fetch manifest supports-preserve-symlinks-flag@^1.0.0
250 silly packumentCache full:https://registry.npmjs.org/supports-preserve-symlinks-flag cache-miss
251 http fetch GET 200 https://registry.npmjs.org/postcss-value-parser 46ms (cache miss)
252 silly packumentCache full:https://registry.npmjs.org/postcss-value-parser set size:undefined disposed:false
253 silly fetch manifest @jridgewell/gen-mapping@^0.3.2
254 silly packumentCache full:https://registry.npmjs.org/@jridgewell%2fgen-mapping cache-miss
255 http fetch GET 200 https://registry.npmjs.org/util-deprecate 39ms (cache miss)
256 silly packumentCache full:https://registry.npmjs.org/util-deprecate set size:undefined disposed:false
257 silly fetch manifest commander@^4.0.0
258 silly packumentCache full:https://registry.npmjs.org/commander cache-miss
259 http fetch GET 200 https://registry.npmjs.org/cssesc 44ms (cache miss)
260 silly packumentCache full:https://registry.npmjs.org/cssesc set size:undefined disposed:false
261 silly fetch manifest lines-and-columns@^1.1.6
262 silly packumentCache full:https://registry.npmjs.org/lines-and-columns cache-miss
263 http fetch GET 200 https://registry.npmjs.org/yaml 49ms (cache miss)
264 silly packumentCache full:https://registry.npmjs.org/yaml set size:undefined disposed:false
265 silly fetch manifest mz@^2.7.0
266 silly packumentCache full:https://registry.npmjs.org/mz cache-miss
267 http fetch GET 200 https://registry.npmjs.org/supports-preserve-symlinks-flag 50ms (cache miss)
268 silly packumentCache full:https://registry.npmjs.org/supports-preserve-symlinks-flag set size:undefined disposed:false
269 silly fetch manifest pirates@^4.0.1
270 silly packumentCache full:https://registry.npmjs.org/pirates cache-miss
271 http fetch GET 200 https://registry.npmjs.org/path-parse 58ms (cache miss)
272 silly packumentCache full:https://registry.npmjs.org/path-parse set size:undefined disposed:false
273 silly fetch manifest tinyglobby@^0.2.11
274 silly packumentCache full:https://registry.npmjs.org/tinyglobby cache-miss
275 http fetch GET 200 https://registry.npmjs.org/es-errors 65ms (cache miss)
276 silly packumentCache full:https://registry.npmjs.org/es-errors set size:undefined disposed:false
277 silly fetch manifest ts-interface-checker@^0.1.9
278 silly packumentCache full:https://registry.npmjs.org/ts-interface-checker cache-miss
279 http fetch GET 200 https://registry.npmjs.org/mz 48ms (cache miss)
280 silly packumentCache full:https://registry.npmjs.org/mz set size:undefined disposed:false
281 http fetch GET 200 https://registry.npmjs.org/lines-and-columns 52ms (cache miss)
282 silly packumentCache full:https://registry.npmjs.org/lines-and-columns set size:undefined disposed:false
283 http fetch GET 200 https://registry.npmjs.org/is-core-module 63ms (cache miss)
284 silly packumentCache full:https://registry.npmjs.org/is-core-module set size:undefined disposed:false
285 http fetch GET 200 https://registry.npmjs.org/@nodelib%2ffs.stat 161ms (cache miss)
286 silly packumentCache full:https://registry.npmjs.org/@nodelib%2ffs.stat set size:undefined disposed:false
287 http fetch GET 200 https://registry.npmjs.org/@jridgewell%2fgen-mapping 59ms (cache miss)
288 silly packumentCache full:https://registry.npmjs.org/@jridgewell%2fgen-mapping set size:undefined disposed:false
289 http fetch GET 200 https://registry.npmjs.org/commander 58ms (cache miss)
290 silly packumentCache full:https://registry.npmjs.org/commander set size:undefined disposed:false
291 http fetch GET 200 https://registry.npmjs.org/pirates 37ms (cache miss)
292 silly packumentCache full:https://registry.npmjs.org/pirates set size:undefined disposed:false
293 http fetch GET 200 https://registry.npmjs.org/ts-interface-checker 37ms (cache miss)
294 silly packumentCache full:https://registry.npmjs.org/ts-interface-checker set size:undefined disposed:false
295 http fetch GET 200 https://registry.npmjs.org/tinyglobby 42ms (cache miss)
296 silly packumentCache full:https://registry.npmjs.org/tinyglobby set size:undefined disposed:false
297 http fetch GET 200 https://registry.npmjs.org/read-cache 208ms (cache miss)
298 silly packumentCache full:https://registry.npmjs.org/read-cache set size:undefined disposed:false
299 silly placeDep ROOT anymatch@3.1.3 OK for: chokidar@3.6.0 want: ~3.1.2
300 silly placeDep ROOT braces@3.0.3 OK for: chokidar@3.6.0 want: ~3.0.2
301 silly placeDep ROOT fsevents@2.3.3 OK for: chokidar@3.6.0 want: ~2.3.2
302 silly placeDep node_modules/chokidar glob-parent@5.1.2 OK for: chokidar@3.6.0 want: ~5.1.2
303 silly placeDep ROOT is-binary-path@2.1.0 OK for: chokidar@3.6.0 want: ~2.1.0
304 silly placeDep ROOT readdirp@3.6.0 OK for: chokidar@3.6.0 want: ~3.6.0
305 silly fetch manifest picomatch@^2.0.4
306 silly packumentCache full:https://registry.npmjs.org/picomatch cache-miss
307 silly fetch manifest fill-range@^7.1.1
308 silly packumentCache full:https://registry.npmjs.org/fill-range cache-miss
309 silly fetch manifest binary-extensions@^2.0.0
310 silly packumentCache full:https://registry.npmjs.org/binary-extensions cache-miss
311 silly fetch manifest picomatch@^2.2.1
312 silly packumentCache full:https://registry.npmjs.org/picomatch cache-miss
313 http cache https://registry.npmjs.org/picomatch 3ms (cache hit)
314 silly packumentCache full:https://registry.npmjs.org/picomatch set size:128942 disposed:false
315 http cache https://registry.npmjs.org/picomatch 4ms (cache hit)
316 silly packumentCache full:https://registry.npmjs.org/picomatch set size:128942 disposed:false
317 silly packumentCache full:https://registry.npmjs.org/picomatch dispose
318 http fetch GET 200 https://registry.npmjs.org/binary-extensions 39ms (cache miss)
319 silly packumentCache full:https://registry.npmjs.org/binary-extensions set size:undefined disposed:false
320 http fetch GET 200 https://registry.npmjs.org/fill-range 41ms (cache miss)
321 silly packumentCache full:https://registry.npmjs.org/fill-range set size:undefined disposed:false
322 silly placeDep ROOT picomatch@2.3.2 OK for: anymatch@3.1.3 want: ^2.0.4
323 silly placeDep ROOT fill-range@7.1.1 OK for: braces@3.0.3 want: ^7.1.1
324 silly fetch manifest to-regex-range@^5.0.1
325 silly packumentCache full:https://registry.npmjs.org/to-regex-range cache-miss
326 http fetch GET 200 https://registry.npmjs.org/to-regex-range 46ms (cache miss)
327 silly packumentCache full:https://registry.npmjs.org/to-regex-range set size:undefined disposed:false
328 silly placeDep ROOT @nodelib/fs.stat@2.0.5 OK for: fast-glob@3.3.3 want: ^2.0.2
329 silly placeDep ROOT @nodelib/fs.walk@1.2.8 OK for: fast-glob@3.3.3 want: ^1.2.3
330 silly placeDep node_modules/fast-glob glob-parent@5.1.2 OK for: fast-glob@3.3.3 want: ^5.1.2
331 silly placeDep ROOT merge2@1.4.1 OK for: fast-glob@3.3.3 want: ^1.3.0
332 silly fetch manifest fastq@^1.6.0
333 silly packumentCache full:https://registry.npmjs.org/fastq cache-miss
334 silly fetch manifest @nodelib/fs.scandir@2.1.5
335 silly packumentCache full:https://registry.npmjs.org/@nodelib%2ffs.scandir cache-miss
336 http fetch GET 200 https://registry.npmjs.org/fastq 41ms (cache miss)
337 silly packumentCache full:https://registry.npmjs.org/fastq set size:undefined disposed:false
338 http fetch GET 200 https://registry.npmjs.org/@nodelib%2ffs.scandir 46ms (cache miss)
339 silly packumentCache full:https://registry.npmjs.org/@nodelib%2ffs.scandir set size:undefined disposed:false
340 silly placeDep ROOT @nodelib/fs.scandir@2.1.5 OK for: @nodelib/fs.walk@1.2.8 want: 2.1.5
341 silly placeDep ROOT fastq@1.20.1 OK for: @nodelib/fs.walk@1.2.8 want: ^1.6.0
342 silly fetch manifest run-parallel@^1.1.9
343 silly packumentCache full:https://registry.npmjs.org/run-parallel cache-miss
344 silly fetch manifest reusify@^1.0.4
345 silly packumentCache full:https://registry.npmjs.org/reusify cache-miss
346 http fetch GET 200 https://registry.npmjs.org/reusify 71ms (cache miss)
347 silly packumentCache full:https://registry.npmjs.org/reusify set size:undefined disposed:false
348 http fetch GET 200 https://registry.npmjs.org/run-parallel 71ms (cache miss)
349 silly packumentCache full:https://registry.npmjs.org/run-parallel set size:undefined disposed:false
350 silly placeDep ROOT run-parallel@1.2.0 OK for: @nodelib/fs.scandir@2.1.5 want: ^1.1.9
351 silly fetch manifest queue-microtask@^1.2.2
352 silly packumentCache full:https://registry.npmjs.org/queue-microtask cache-miss
353 http fetch GET 200 https://registry.npmjs.org/queue-microtask 36ms (cache miss)
354 silly packumentCache full:https://registry.npmjs.org/queue-microtask set size:undefined disposed:false
355 silly placeDep ROOT reusify@1.1.0 OK for: fastq@1.20.1 want: ^1.0.4
356 silly placeDep ROOT to-regex-range@5.0.1 OK for: fill-range@7.1.1 want: ^5.0.1
357 silly fetch manifest is-number@^7.0.0
358 silly packumentCache full:https://registry.npmjs.org/is-number cache-miss
359 http fetch GET 200 https://registry.npmjs.org/is-number 38ms (cache miss)
360 silly packumentCache full:https://registry.npmjs.org/is-number set size:undefined disposed:false
361 silly placeDep ROOT binary-extensions@2.3.0 OK for: is-binary-path@2.1.0 want: ^2.0.0
362 silly placeDep ROOT is-extglob@2.1.1 OK for: is-glob@4.0.3 want: ^2.1.1
363 silly placeDep ROOT nanoid@3.3.18 OK for: postcss@8.5.26 want: ^3.3.17
364 silly placeDep ROOT source-map-js@1.2.1 OK for: postcss@8.5.26 want: ^1.2.1
365 silly placeDep ROOT postcss-value-parser@4.2.0 OK for: postcss-import@15.1.0 want: ^4.0.0
366 silly placeDep ROOT read-cache@1.0.0 OK for: postcss-import@15.1.0 want: ^1.0.0
367 silly fetch manifest pify@^2.3.0
368 silly packumentCache full:https://registry.npmjs.org/pify cache-miss
369 http fetch GET 200 https://registry.npmjs.org/pify 40ms (cache miss)
370 silly packumentCache full:https://registry.npmjs.org/pify set size:undefined disposed:false
371 silly placeDep ROOT camelcase-css@2.0.1 OK for: postcss-js@4.1.0 want: ^2.0.1
372 silly placeDep ROOT yaml@2.9.0 OK for: postcss-load-config@4.0.2 want: ^2.3.4
373 silly placeDep ROOT cssesc@3.0.0 OK for: postcss-selector-parser@6.1.4 want: ^3.0.0
374 silly placeDep ROOT util-deprecate@1.0.2 OK for: postcss-selector-parser@6.1.4 want: ^1.0.2
375 silly placeDep ROOT pify@2.3.0 OK for: read-cache@1.0.0 want: ^2.3.0
376 silly placeDep ROOT es-errors@1.3.0 OK for: resolve@1.22.12 want: ^1.3.0
377 silly placeDep ROOT is-core-module@2.16.2 OK for: resolve@1.22.12 want: ^2.16.1
378 silly placeDep ROOT path-parse@1.0.7 OK for: resolve@1.22.12 want: ^1.0.7
379 silly placeDep ROOT supports-preserve-symlinks-flag@1.0.0 OK for: resolve@1.22.12 want: ^1.0.0
380 silly fetch manifest hasown@^2.0.3
381 silly packumentCache full:https://registry.npmjs.org/hasown cache-miss
382 http fetch GET 200 https://registry.npmjs.org/hasown 38ms (cache miss)
383 silly packumentCache full:https://registry.npmjs.org/hasown set size:undefined disposed:false
384 silly placeDep ROOT hasown@2.0.4 OK for: is-core-module@2.16.2 want: ^2.0.3
385 silly fetch manifest function-bind@^1.1.2
386 silly packumentCache full:https://registry.npmjs.org/function-bind cache-miss
387 http fetch GET 200 https://registry.npmjs.org/function-bind 203ms (cache miss)
388 silly packumentCache full:https://registry.npmjs.org/function-bind set size:undefined disposed:false
389 silly placeDep ROOT function-bind@1.1.2 OK for: hasown@2.0.4 want: ^1.1.2
390 silly placeDep ROOT queue-microtask@1.2.3 OK for: run-parallel@1.2.0 want: ^1.2.2
391 silly placeDep ROOT @jridgewell/gen-mapping@0.3.13 OK for: sucrase@3.35.1 want: ^0.3.2
392 silly placeDep ROOT commander@4.1.1 OK for: sucrase@3.35.1 want: ^4.0.0
393 silly placeDep ROOT lines-and-columns@1.2.4 OK for: sucrase@3.35.1 want: ^1.1.6
394 silly placeDep ROOT mz@2.7.0 OK for: sucrase@3.35.1 want: ^2.7.0
395 silly placeDep ROOT pirates@4.0.7 OK for: sucrase@3.35.1 want: ^4.0.1
396 silly placeDep ROOT tinyglobby@0.2.17 OK for: sucrase@3.35.1 want: ^0.2.11
397 silly placeDep ROOT ts-interface-checker@0.1.13 OK for: sucrase@3.35.1 want: ^0.1.9
398 silly fetch manifest @jridgewell/trace-mapping@^0.3.24
399 silly packumentCache full:https://registry.npmjs.org/@jridgewell%2ftrace-mapping cache-miss
400 silly fetch manifest @jridgewell/sourcemap-codec@^1.5.0
401 silly packumentCache full:https://registry.npmjs.org/@jridgewell%2fsourcemap-codec cache-miss
402 silly fetch manifest any-promise@^1.0.0
403 silly packumentCache full:https://registry.npmjs.org/any-promise cache-miss
404 silly fetch manifest object-assign@^4.0.1
405 silly packumentCache full:https://registry.npmjs.org/object-assign cache-miss
406 silly fetch manifest thenify-all@^1.0.0
407 silly packumentCache full:https://registry.npmjs.org/thenify-all cache-miss
408 silly fetch manifest fdir@^6.5.0
409 silly packumentCache full:https://registry.npmjs.org/fdir cache-miss
410 silly fetch manifest picomatch@^4.0.4
411 silly packumentCache full:https://registry.npmjs.org/picomatch cache-hit
412 http fetch GET 200 https://registry.npmjs.org/any-promise 70ms (cache miss)
413 silly packumentCache full:https://registry.npmjs.org/any-promise set size:undefined disposed:false
414 http fetch GET 200 https://registry.npmjs.org/thenify-all 70ms (cache miss)
415 silly packumentCache full:https://registry.npmjs.org/thenify-all set size:undefined disposed:false
416 http fetch GET 200 https://registry.npmjs.org/@jridgewell%2fsourcemap-codec 72ms (cache miss)
417 silly packumentCache full:https://registry.npmjs.org/@jridgewell%2fsourcemap-codec set size:undefined disposed:false
418 http fetch GET 200 https://registry.npmjs.org/object-assign 71ms (cache miss)
419 silly packumentCache full:https://registry.npmjs.org/object-assign set size:undefined disposed:false
420 http fetch GET 200 https://registry.npmjs.org/fdir 72ms (cache miss)
421 silly packumentCache full:https://registry.npmjs.org/fdir set size:undefined disposed:false
422 http fetch GET 200 https://registry.npmjs.org/@jridgewell%2ftrace-mapping 76ms (cache miss)
423 silly packumentCache full:https://registry.npmjs.org/@jridgewell%2ftrace-mapping set size:undefined disposed:false
424 silly placeDep ROOT @jridgewell/sourcemap-codec@1.5.5 OK for: @jridgewell/gen-mapping@0.3.13 want: ^1.5.0
425 silly placeDep ROOT @jridgewell/trace-mapping@0.3.31 OK for: @jridgewell/gen-mapping@0.3.13 want: ^0.3.24
426 silly fetch manifest @jridgewell/resolve-uri@^3.1.0
427 silly packumentCache full:https://registry.npmjs.org/@jridgewell%2fresolve-uri cache-miss
428 http fetch GET 200 https://registry.npmjs.org/@jridgewell%2fresolve-uri 48ms (cache miss)
429 silly packumentCache full:https://registry.npmjs.org/@jridgewell%2fresolve-uri set size:undefined disposed:false
430 silly placeDep ROOT @jridgewell/resolve-uri@3.1.2 OK for: @jridgewell/trace-mapping@0.3.31 want: ^3.1.0
431 silly placeDep ROOT any-promise@1.3.0 OK for: mz@2.7.0 want: ^1.0.0
432 silly placeDep ROOT object-assign@4.1.1 OK for: mz@2.7.0 want: ^4.0.1
433 silly placeDep ROOT thenify-all@1.6.0 OK for: mz@2.7.0 want: ^1.0.0
434 silly fetch manifest thenify@>= 3.1.0 < 4
435 silly packumentCache full:https://registry.npmjs.org/thenify cache-miss
436 http fetch GET 200 https://registry.npmjs.org/thenify 41ms (cache miss)
437 silly packumentCache full:https://registry.npmjs.org/thenify set size:undefined disposed:false
438 silly placeDep ROOT thenify@3.3.1 OK for: thenify-all@1.6.0 want: >= 3.1.0 < 4
439 silly placeDep node_modules/tinyglobby fdir@6.5.0 OK for: tinyglobby@0.2.17 want: ^6.5.0
440 silly placeDep node_modules/tinyglobby picomatch@4.0.5 OK for: fdir@6.5.0 want: ^3 || ^4
441 silly placeDep ROOT is-number@7.0.0 OK for: to-regex-range@5.0.1 want: ^7.0.0
442 silly reify moves {}
443 silly audit bulk request {
443 silly audit   tailwindcss: [ '3.4.17' ],
443 silly audit   '@alloc/quick-lru': [ '5.2.0' ],
443 silly audit   arg: [ '5.0.2' ],
443 silly audit   chokidar: [ '3.6.0' ],
443 silly audit   didyoumean: [ '1.2.2' ],
443 silly audit   dlv: [ '1.1.3' ],
443 silly audit   'fast-glob': [ '3.3.3' ],
443 silly audit   'glob-parent': [ '6.0.2', '5.1.2' ],
443 silly audit   'is-glob': [ '4.0.3' ],
443 silly audit   jiti: [ '1.21.7' ],
443 silly audit   lilconfig: [ '3.1.3' ],
443 silly audit   micromatch: [ '4.0.8' ],
443 silly audit   'normalize-path': [ '3.0.0' ],
443 silly audit   'object-hash': [ '3.0.0' ],
443 silly audit   picocolors: [ '1.1.1' ],
443 silly audit   postcss: [ '8.5.26' ],
443 silly audit   'postcss-import': [ '15.1.0' ],
443 silly audit   'postcss-js': [ '4.1.0' ],
443 silly audit   'postcss-load-config': [ '4.0.2' ],
443 silly audit   'postcss-nested': [ '6.2.0' ],
443 silly audit   'postcss-selector-parser': [ '6.1.4' ],
443 silly audit   resolve: [ '1.22.12' ],
443 silly audit   sucrase: [ '3.35.1' ],
443 silly audit   anymatch: [ '3.1.3' ],
443 silly audit   braces: [ '3.0.3' ],
443 silly audit   fsevents: [ '2.3.3' ],
443 silly audit   'is-binary-path': [ '2.1.0' ],
443 silly audit   readdirp: [ '3.6.0' ],
443 silly audit   picomatch: [ '2.3.2', '4.0.5' ],
443 silly audit   'fill-range': [ '7.1.1' ],
443 silly audit   '@nodelib/fs.stat': [ '2.0.5' ],
443 silly audit   '@nodelib/fs.walk': [ '1.2.8' ],
443 silly audit   merge2: [ '1.4.1' ],
443 silly audit   '@nodelib/fs.scandir': [ '2.1.5' ],
443 silly audit   fastq: [ '1.20.1' ],
443 silly audit   'run-parallel': [ '1.2.0' ],
443 silly audit   reusify: [ '1.1.0' ],
443 silly audit   'to-regex-range': [ '5.0.1' ],
443 silly audit   'binary-extensions': [ '2.3.0' ],
443 silly audit   'is-extglob': [ '2.1.1' ],
443 silly audit   nanoid: [ '3.3.18' ],
443 silly audit   'source-map-js': [ '1.2.1' ],
443 silly audit   'postcss-value-parser': [ '4.2.0' ],
443 silly audit   'read-cache': [ '1.0.0' ],
443 silly audit   'camelcase-css': [ '2.0.1' ],
443 silly audit   yaml: [ '2.9.0' ],
443 silly audit   cssesc: [ '3.0.0' ],
443 silly audit   'util-deprecate': [ '1.0.2' ],
443 silly audit   pify: [ '2.3.0' ],
443 silly audit   'es-errors': [ '1.3.0' ],
443 silly audit   'is-core-module': [ '2.16.2' ],
443 silly audit   'path-parse': [ '1.0.7' ],
443 silly audit   'supports-preserve-symlinks-flag': [ '1.0.0' ],
443 silly audit   hasown: [ '2.0.4' ],
443 silly audit   'function-bind': [ '1.1.2' ],
443 silly audit   'queue-microtask': [ '1.2.3' ],
443 silly audit   '@jridgewell/gen-mapping': [ '0.3.13' ],
443 silly audit   commander: [ '4.1.1' ],
443 silly audit   'lines-and-columns': [ '1.2.4' ],
443 silly audit   mz: [ '2.7.0' ],
443 silly audit   pirates: [ '4.0.7' ],
443 silly audit   tinyglobby: [ '0.2.17' ],
443 silly audit   'ts-interface-checker': [ '0.1.13' ],
443 silly audit   '@jridgewell/sourcemap-codec': [ '1.5.5' ],
443 silly audit   '@jridgewell/trace-mapping': [ '0.3.31' ],
443 silly audit   '@jridgewell/resolve-uri': [ '3.1.2' ],
443 silly audit   'any-promise': [ '1.3.0' ],
443 silly audit   'object-assign': [ '4.1.1' ],
443 silly audit   'thenify-all': [ '1.6.0' ],
443 silly audit   thenify: [ '3.3.1' ],
443 silly audit   fdir: [ '6.5.0' ],
443 silly audit   'is-number': [ '7.0.0' ]
443 silly audit }
444 http cache thenify@https://registry.npmjs.org/thenify/-/thenify-3.3.1.tgz 0ms (cache hit)
445 http cache is-number@https://registry.npmjs.org/is-number/-/is-number-7.0.0.tgz 0ms (cache hit)
446 http cache thenify-all@https://registry.npmjs.org/thenify-all/-/thenify-all-1.6.0.tgz 0ms (cache hit)
447 http cache object-assign@https://registry.npmjs.org/object-assign/-/object-assign-4.1.1.tgz 0ms (cache hit)
448 http cache any-promise@https://registry.npmjs.org/any-promise/-/any-promise-1.3.0.tgz 0ms (cache hit)
449 http cache @jridgewell/trace-mapping@https://registry.npmjs.org/@jridgewell/trace-mapping/-/trace-mapping-0.3.31.tgz 0ms (cache hit)
450 http cache @jridgewell/sourcemap-codec@https://registry.npmjs.org/@jridgewell/sourcemap-codec/-/sourcemap-codec-1.5.5.tgz 0ms (cache hit)
451 http cache ts-interface-checker@https://registry.npmjs.org/ts-interface-checker/-/ts-interface-checker-0.1.13.tgz 0ms (cache hit)
452 http cache @jridgewell/resolve-uri@https://registry.npmjs.org/@jridgewell/resolve-uri/-/resolve-uri-3.1.2.tgz 0ms (cache hit)
453 http cache tinyglobby@https://registry.npmjs.org/tinyglobby/-/tinyglobby-0.2.17.tgz 0ms (cache hit)
454 http cache mz@https://registry.npmjs.org/mz/-/mz-2.7.0.tgz 0ms (cache hit)
455 http cache pirates@https://registry.npmjs.org/pirates/-/pirates-4.0.7.tgz 0ms (cache hit)
456 http cache @jridgewell/gen-mapping@https://registry.npmjs.org/@jridgewell/gen-mapping/-/gen-mapping-0.3.13.tgz 0ms (cache hit)
457 http cache queue-microtask@https://registry.npmjs.org/queue-microtask/-/queue-microtask-1.2.3.tgz 0ms (cache hit)
458 http cache lines-and-columns@https://registry.npmjs.org/lines-and-columns/-/lines-and-columns-1.2.4.tgz 0ms (cache hit)
459 http cache hasown@https://registry.npmjs.org/hasown/-/hasown-2.0.4.tgz 0ms (cache hit)
460 http cache function-bind@https://registry.npmjs.org/function-bind/-/function-bind-1.1.2.tgz 0ms (cache hit)
461 http cache commander@https://registry.npmjs.org/commander/-/commander-4.1.1.tgz 0ms (cache hit)
462 http cache path-parse@https://registry.npmjs.org/path-parse/-/path-parse-1.0.7.tgz 0ms (cache hit)
463 http cache supports-preserve-symlinks-flag@https://registry.npmjs.org/supports-preserve-symlinks-flag/-/supports-preserve-symlinks-flag-1.0.0.tgz 0ms (cache hit)
464 http cache pify@https://registry.npmjs.org/pify/-/pify-2.3.0.tgz 0ms (cache hit)
465 http cache cssesc@https://registry.npmjs.org/cssesc/-/cssesc-3.0.0.tgz 0ms (cache hit)
466 http cache util-deprecate@https://registry.npmjs.org/util-deprecate/-/util-deprecate-1.0.2.tgz 0ms (cache hit)
467 http cache es-errors@https://registry.npmjs.org/es-errors/-/es-errors-1.3.0.tgz 0ms (cache hit)
468 http cache camelcase-css@https://registry.npmjs.org/camelcase-css/-/camelcase-css-2.0.1.tgz 0ms (cache hit)
469 http cache is-core-module@https://registry.npmjs.org/is-core-module/-/is-core-module-2.16.2.tgz 0ms (cache hit)
470 http cache postcss-value-parser@https://registry.npmjs.org/postcss-value-parser/-/postcss-value-parser-4.2.0.tgz 0ms (cache hit)
471 http cache yaml@https://registry.npmjs.org/yaml/-/yaml-2.9.0.tgz 0ms (cache hit)
472 http cache source-map-js@https://registry.npmjs.org/source-map-js/-/source-map-js-1.2.1.tgz 0ms (cache hit)
473 http cache nanoid@https://registry.npmjs.org/nanoid/-/nanoid-3.3.18.tgz 0ms (cache hit)
474 http cache is-extglob@https://registry.npmjs.org/is-extglob/-/is-extglob-2.1.1.tgz 0ms (cache hit)
475 http cache binary-extensions@https://registry.npmjs.org/binary-extensions/-/binary-extensions-2.3.0.tgz 0ms (cache hit)
476 http cache run-parallel@https://registry.npmjs.org/run-parallel/-/run-parallel-1.2.0.tgz 0ms (cache hit)
477 http cache to-regex-range@https://registry.npmjs.org/to-regex-range/-/to-regex-range-5.0.1.tgz 0ms (cache hit)
478 http cache reusify@https://registry.npmjs.org/reusify/-/reusify-1.1.0.tgz 0ms (cache hit)
479 http cache read-cache@https://registry.npmjs.org/read-cache/-/read-cache-1.0.0.tgz 0ms (cache hit)
480 http cache fastq@https://registry.npmjs.org/fastq/-/fastq-1.20.1.tgz 0ms (cache hit)
481 http cache @nodelib/fs.walk@https://registry.npmjs.org/@nodelib/fs.walk/-/fs.walk-1.2.8.tgz 0ms (cache hit)
482 http cache @nodelib/fs.stat@https://registry.npmjs.org/@nodelib/fs.stat/-/fs.stat-2.0.5.tgz 0ms (cache hit)
483 http cache merge2@https://registry.npmjs.org/merge2/-/merge2-1.4.1.tgz 0ms (cache hit)
484 http cache readdirp@https://registry.npmjs.org/readdirp/-/readdirp-3.6.0.tgz 0ms (cache hit)
485 http cache @nodelib/fs.scandir@https://registry.npmjs.org/@nodelib/fs.scandir/-/fs.scandir-2.1.5.tgz 0ms (cache hit)
486 http cache is-binary-path@https://registry.npmjs.org/is-binary-path/-/is-binary-path-2.1.0.tgz 0ms (cache hit)
487 http cache picomatch@https://registry.npmjs.org/picomatch/-/picomatch-2.3.2.tgz 0ms (cache hit)
488 http cache fill-range@https://registry.npmjs.org/fill-range/-/fill-range-7.1.1.tgz 0ms (cache hit)
489 http cache fsevents@https://registry.npmjs.org/fsevents/-/fsevents-2.3.3.tgz 0ms (cache hit)
490 http cache resolve@https://registry.npmjs.org/resolve/-/resolve-1.22.12.tgz 0ms (cache hit)
491 http cache braces@https://registry.npmjs.org/braces/-/braces-3.0.3.tgz 0ms (cache hit)
492 http cache anymatch@https://registry.npmjs.org/anymatch/-/anymatch-3.1.3.tgz 0ms (cache hit)
493 http cache postcss-selector-parser@https://registry.npmjs.org/postcss-selector-parser/-/postcss-selector-parser-6.1.4.tgz 0ms (cache hit)
494 http cache sucrase@https://registry.npmjs.org/sucrase/-/sucrase-3.35.1.tgz 0ms (cache hit)
495 http cache postcss-js@https://registry.npmjs.org/postcss-js/-/postcss-js-4.1.0.tgz 0ms (cache hit)
496 http cache postcss-import@https://registry.npmjs.org/postcss-import/-/postcss-import-15.1.0.tgz 0ms (cache hit)
497 http cache postcss-nested@https://registry.npmjs.org/postcss-nested/-/postcss-nested-6.2.0.tgz 0ms (cache hit)
498 http cache postcss-load-config@https://registry.npmjs.org/postcss-load-config/-/postcss-load-config-4.0.2.tgz 0ms (cache hit)
499 http cache postcss@https://registry.npmjs.org/postcss/-/postcss-8.5.26.tgz 0ms (cache hit)
500 http cache normalize-path@https://registry.npmjs.org/normalize-path/-/normalize-path-3.0.0.tgz 0ms (cache hit)
501 http cache picocolors@https://registry.npmjs.org/picocolors/-/picocolors-1.1.1.tgz 0ms (cache hit)
502 http cache lilconfig@https://registry.npmjs.org/lilconfig/-/lilconfig-3.1.3.tgz 0ms (cache hit)
503 http cache jiti@https://registry.npmjs.org/jiti/-/jiti-1.21.7.tgz 0ms (cache hit)
504 http cache is-glob@https://registry.npmjs.org/is-glob/-/is-glob-4.0.3.tgz 0ms (cache hit)
505 http cache didyoumean@https://registry.npmjs.org/didyoumean/-/didyoumean-1.2.2.tgz 0ms (cache hit)
506 http cache glob-parent@https://registry.npmjs.org/glob-parent/-/glob-parent-6.0.2.tgz 0ms (cache hit)
507 http cache dlv@https://registry.npmjs.org/dlv/-/dlv-1.1.3.tgz 0ms (cache hit)
508 http cache micromatch@https://registry.npmjs.org/micromatch/-/micromatch-4.0.8.tgz 0ms (cache hit)
509 http cache fast-glob@https://registry.npmjs.org/fast-glob/-/fast-glob-3.3.3.tgz 0ms (cache hit)
510 http cache chokidar@https://registry.npmjs.org/chokidar/-/chokidar-3.6.0.tgz 0ms (cache hit)
511 http cache tailwindcss@https://registry.npmjs.org/tailwindcss/-/tailwindcss-3.4.17.tgz 0ms (cache hit)
512 http cache arg@https://registry.npmjs.org/arg/-/arg-5.0.2.tgz 0ms (cache hit)
513 http cache @alloc/quick-lru@https://registry.npmjs.org/@alloc/quick-lru/-/quick-lru-5.2.0.tgz 0ms (cache hit)
514 http cache picomatch@https://registry.npmjs.org/picomatch/-/picomatch-4.0.5.tgz 0ms (cache hit)
515 http cache fdir@https://registry.npmjs.org/fdir/-/fdir-6.5.0.tgz 0ms (cache hit)
516 http cache glob-parent@https://registry.npmjs.org/glob-parent/-/glob-parent-5.1.2.tgz 0ms (cache hit)
517 http cache object-hash@https://registry.npmjs.org/object-hash/-/object-hash-3.0.0.tgz 0ms (cache hit)
518 http cache glob-parent@https://registry.npmjs.org/glob-parent/-/glob-parent-5.1.2.tgz 0ms (cache hit)
519 silly tarball no local data for thenify@https://registry.npmjs.org/thenify/-/thenify-3.3.1.tgz. Extracting by manifest.
520 silly tarball no local data for is-number@https://registry.npmjs.org/is-number/-/is-number-7.0.0.tgz. Extracting by manifest.
521 silly tarball no local data for thenify-all@https://registry.npmjs.org/thenify-all/-/thenify-all-1.6.0.tgz. Extracting by manifest.
522 silly tarball no local data for object-assign@https://registry.npmjs.org/object-assign/-/object-assign-4.1.1.tgz. Extracting by manifest.
523 silly tarball no local data for any-promise@https://registry.npmjs.org/any-promise/-/any-promise-1.3.0.tgz. Extracting by manifest.
524 silly tarball no local data for @jridgewell/trace-mapping@https://registry.npmjs.org/@jridgewell/trace-mapping/-/trace-mapping-0.3.31.tgz. Extracting by manifest.
525 silly tarball no local data for @jridgewell/sourcemap-codec@https://registry.npmjs.org/@jridgewell/sourcemap-codec/-/sourcemap-codec-1.5.5.tgz. Extracting by manifest.
526 silly tarball no local data for ts-interface-checker@https://registry.npmjs.org/ts-interface-checker/-/ts-interface-checker-0.1.13.tgz. Extracting by manifest.
527 silly tarball no local data for @jridgewell/resolve-uri@https://registry.npmjs.org/@jridgewell/resolve-uri/-/resolve-uri-3.1.2.tgz. Extracting by manifest.
528 silly tarball no local data for tinyglobby@https://registry.npmjs.org/tinyglobby/-/tinyglobby-0.2.17.tgz. Extracting by manifest.
529 silly tarball no local data for mz@https://registry.npmjs.org/mz/-/mz-2.7.0.tgz. Extracting by manifest.
530 silly tarball no local data for pirates@https://registry.npmjs.org/pirates/-/pirates-4.0.7.tgz. Extracting by manifest.
531 silly tarball no local data for @jridgewell/gen-mapping@https://registry.npmjs.org/@jridgewell/gen-mapping/-/gen-mapping-0.3.13.tgz. Extracting by manifest.
532 silly tarball no local data for queue-microtask@https://registry.npmjs.org/queue-microtask/-/queue-microtask-1.2.3.tgz. Extracting by manifest.
533 silly tarball no local data for lines-and-columns@https://registry.npmjs.org/lines-and-columns/-/lines-and-columns-1.2.4.tgz. Extracting by manifest.
534 silly tarball no local data for hasown@https://registry.npmjs.org/hasown/-/hasown-2.0.4.tgz. Extracting by manifest.
535 silly tarball no local data for function-bind@https://registry.npmjs.org/function-bind/-/function-bind-1.1.2.tgz. Extracting by manifest.
536 silly tarball no local data for commander@https://registry.npmjs.org/commander/-/commander-4.1.1.tgz. Extracting by manifest.
537 silly tarball no local data for path-parse@https://registry.npmjs.org/path-parse/-/path-parse-1.0.7.tgz. Extracting by manifest.
538 silly tarball no local data for supports-preserve-symlinks-flag@https://registry.npmjs.org/supports-preserve-symlinks-flag/-/supports-preserve-symlinks-flag-1.0.0.tgz. Extracting by manifest.
539 silly tarball no local data for pify@https://registry.npmjs.org/pify/-/pify-2.3.0.tgz. Extracting by manifest.
540 silly tarball no local data for cssesc@https://registry.npmjs.org/cssesc/-/cssesc-3.0.0.tgz. Extracting by manifest.
541 silly tarball no local data for util-deprecate@https://registry.npmjs.org/util-deprecate/-/util-deprecate-1.0.2.tgz. Extracting by manifest.
542 silly tarball no local data for es-errors@https://registry.npmjs.org/es-errors/-/es-errors-1.3.0.tgz. Extracting by manifest.
543 silly tarball no local data for camelcase-css@https://registry.npmjs.org/camelcase-css/-/camelcase-css-2.0.1.tgz. Extracting by manifest.
544 silly tarball no local data for is-core-module@https://registry.npmjs.org/is-core-module/-/is-core-module-2.16.2.tgz. Extracting by manifest.
545 silly tarball no local data for postcss-value-parser@https://registry.npmjs.org/postcss-value-parser/-/postcss-value-parser-4.2.0.tgz. Extracting by manifest.
546 silly tarball no local data for yaml@https://registry.npmjs.org/yaml/-/yaml-2.9.0.tgz. Extracting by manifest.
547 silly tarball no local data for source-map-js@https://registry.npmjs.org/source-map-js/-/source-map-js-1.2.1.tgz. Extracting by manifest.
548 silly tarball no local data for nanoid@https://registry.npmjs.org/nanoid/-/nanoid-3.3.18.tgz. Extracting by manifest.
549 silly tarball no local data for is-extglob@https://registry.npmjs.org/is-extglob/-/is-extglob-2.1.1.tgz. Extracting by manifest.
550 silly tarball no local data for binary-extensions@https://registry.npmjs.org/binary-extensions/-/binary-extensions-2.3.0.tgz. Extracting by manifest.
551 silly tarball no local data for run-parallel@https://registry.npmjs.org/run-parallel/-/run-parallel-1.2.0.tgz. Extracting by manifest.
552 silly tarball no local data for to-regex-range@https://registry.npmjs.org/to-regex-range/-/to-regex-range-5.0.1.tgz. Extracting by manifest.
553 silly tarball no local data for reusify@https://registry.npmjs.org/reusify/-/reusify-1.1.0.tgz. Extracting by manifest.
554 silly tarball no local data for read-cache@https://registry.npmjs.org/read-cache/-/read-cache-1.0.0.tgz. Extracting by manifest.
555 silly tarball no local data for fastq@https://registry.npmjs.org/fastq/-/fastq-1.20.1.tgz. Extracting by manifest.
556 silly tarball no local data for @nodelib/fs.walk@https://registry.npmjs.org/@nodelib/fs.walk/-/fs.walk-1.2.8.tgz. Extracting by manifest.
557 silly tarball no local data for @nodelib/fs.stat@https://registry.npmjs.org/@nodelib/fs.stat/-/fs.stat-2.0.5.tgz. Extracting by manifest.
558 silly tarball no local data for merge2@https://registry.npmjs.org/merge2/-/merge2-1.4.1.tgz. Extracting by manifest.
559 silly tarball no local data for readdirp@https://registry.npmjs.org/readdirp/-/readdirp-3.6.0.tgz. Extracting by manifest.
560 silly tarball no local data for @nodelib/fs.scandir@https://registry.npmjs.org/@nodelib/fs.scandir/-/fs.scandir-2.1.5.tgz. Extracting by manifest.
561 silly tarball no local data for is-binary-path@https://registry.npmjs.org/is-binary-path/-/is-binary-path-2.1.0.tgz. Extracting by manifest.
562 silly tarball no local data for picomatch@https://registry.npmjs.org/picomatch/-/picomatch-2.3.2.tgz. Extracting by manifest.
563 silly tarball no local data for fill-range@https://registry.npmjs.org/fill-range/-/fill-range-7.1.1.tgz. Extracting by manifest.
564 silly tarball no local data for fsevents@https://registry.npmjs.org/fsevents/-/fsevents-2.3.3.tgz. Extracting by manifest.
565 silly tarball no local data for resolve@https://registry.npmjs.org/resolve/-/resolve-1.22.12.tgz. Extracting by manifest.
566 silly tarball no local data for braces@https://registry.npmjs.org/braces/-/braces-3.0.3.tgz. Extracting by manifest.
567 silly tarball no local data for anymatch@https://registry.npmjs.org/anymatch/-/anymatch-3.1.3.tgz. Extracting by manifest.
568 silly tarball no local data for postcss-selector-parser@https://registry.npmjs.org/postcss-selector-parser/-/postcss-selector-parser-6.1.4.tgz. Extracting by manifest.
569 silly tarball no local data for sucrase@https://registry.npmjs.org/sucrase/-/sucrase-3.35.1.tgz. Extracting by manifest.
570 silly tarball no local data for postcss-js@https://registry.npmjs.org/postcss-js/-/postcss-js-4.1.0.tgz. Extracting by manifest.
571 silly tarball no local data for postcss-import@https://registry.npmjs.org/postcss-import/-/postcss-import-15.1.0.tgz. Extracting by manifest.
572 silly tarball no local data for postcss-nested@https://registry.npmjs.org/postcss-nested/-/postcss-nested-6.2.0.tgz. Extracting by manifest.
573 silly tarball no local data for postcss-load-config@https://registry.npmjs.org/postcss-load-config/-/postcss-load-config-4.0.2.tgz. Extracting by manifest.
574 silly tarball no local data for postcss@https://registry.npmjs.org/postcss/-/postcss-8.5.26.tgz. Extracting by manifest.
575 silly tarball no local data for normalize-path@https://registry.npmjs.org/normalize-path/-/normalize-path-3.0.0.tgz. Extracting by manifest.
576 silly tarball no local data for picocolors@https://registry.npmjs.org/picocolors/-/picocolors-1.1.1.tgz. Extracting by manifest.
577 silly tarball no local data for lilconfig@https://registry.npmjs.org/lilconfig/-/lilconfig-3.1.3.tgz. Extracting by manifest.
578 silly tarball no local data for jiti@https://registry.npmjs.org/jiti/-/jiti-1.21.7.tgz. Extracting by manifest.
579 silly tarball no local data for is-glob@https://registry.npmjs.org/is-glob/-/is-glob-4.0.3.tgz. Extracting by manifest.
580 silly tarball no local data for didyoumean@https://registry.npmjs.org/didyoumean/-/didyoumean-1.2.2.tgz. Extracting by manifest.
581 silly tarball no local data for glob-parent@https://registry.npmjs.org/glob-parent/-/glob-parent-6.0.2.tgz. Extracting by manifest.
582 silly tarball no local data for dlv@https://registry.npmjs.org/dlv/-/dlv-1.1.3.tgz. Extracting by manifest.
583 silly tarball no local data for micromatch@https://registry.npmjs.org/micromatch/-/micromatch-4.0.8.tgz. Extracting by manifest.
584 silly tarball no local data for fast-glob@https://registry.npmjs.org/fast-glob/-/fast-glob-3.3.3.tgz. Extracting by manifest.
585 silly tarball no local data for chokidar@https://registry.npmjs.org/chokidar/-/chokidar-3.6.0.tgz. Extracting by manifest.
586 silly tarball no local data for tailwindcss@https://registry.npmjs.org/tailwindcss/-/tailwindcss-3.4.17.tgz. Extracting by manifest.
587 silly tarball no local data for arg@https://registry.npmjs.org/arg/-/arg-5.0.2.tgz. Extracting by manifest.
588 silly tarball no local data for @alloc/quick-lru@https://registry.npmjs.org/@alloc/quick-lru/-/quick-lru-5.2.0.tgz. Extracting by manifest.
589 silly tarball no local data for picomatch@https://registry.npmjs.org/picomatch/-/picomatch-4.0.5.tgz. Extracting by manifest.
590 silly tarball no local data for fdir@https://registry.npmjs.org/fdir/-/fdir-6.5.0.tgz. Extracting by manifest.
591 silly tarball no local data for glob-parent@https://registry.npmjs.org/glob-parent/-/glob-parent-5.1.2.tgz. Extracting by manifest.
592 silly tarball no local data for object-hash@https://registry.npmjs.org/object-hash/-/object-hash-3.0.0.tgz. Extracting by manifest.
593 silly tarball no local data for glob-parent@https://registry.npmjs.org/glob-parent/-/glob-parent-5.1.2.tgz. Extracting by manifest.
594 http fetch GET 200 https://registry.npmjs.org/thenify-all/-/thenify-all-1.6.0.tgz 102ms (cache miss)
595 http fetch GET 200 https://registry.npmjs.org/thenify/-/thenify-3.3.1.tgz 103ms (cache miss)
596 http fetch GET 200 https://registry.npmjs.org/ts-interface-checker/-/ts-interface-checker-0.1.13.tgz 101ms (cache miss)
597 http fetch GET 200 https://registry.npmjs.org/is-number/-/is-number-7.0.0.tgz 104ms (cache miss)
598 http fetch GET 200 https://registry.npmjs.org/object-assign/-/object-assign-4.1.1.tgz 103ms (cache miss)
599 http fetch GET 200 https://registry.npmjs.org/@jridgewell/resolve-uri/-/resolve-uri-3.1.2.tgz 102ms (cache miss)
600 http fetch GET 200 https://registry.npmjs.org/any-promise/-/any-promise-1.3.0.tgz 108ms (cache miss)
601 http fetch GET 200 https://registry.npmjs.org/@jridgewell/sourcemap-codec/-/sourcemap-codec-1.5.5.tgz 109ms (cache miss)
602 http fetch GET 200 https://registry.npmjs.org/lines-and-columns/-/lines-and-columns-1.2.4.tgz 123ms (cache miss)
603 http fetch GET 200 https://registry.npmjs.org/hasown/-/hasown-2.0.4.tgz 124ms (cache miss)
604 http fetch GET 200 https://registry.npmjs.org/function-bind/-/function-bind-1.1.2.tgz 129ms (cache miss)
605 http fetch GET 200 https://registry.npmjs.org/pify/-/pify-2.3.0.tgz 133ms (cache miss)
606 http fetch GET 200 https://registry.npmjs.org/path-parse/-/path-parse-1.0.7.tgz 136ms (cache miss)
607 http fetch GET 200 https://registry.npmjs.org/supports-preserve-symlinks-flag/-/supports-preserve-symlinks-flag-1.0.0.tgz 136ms (cache miss)
608 http fetch GET 200 https://registry.npmjs.org/cssesc/-/cssesc-3.0.0.tgz 135ms (cache miss)
609 http fetch GET 200 https://registry.npmjs.org/commander/-/commander-4.1.1.tgz 139ms (cache miss)
610 http fetch POST 200 https://registry.npmjs.org/-/npm/v1/security/advisories/bulk 168ms
611 silly audit report {}
612 http fetch GET 200 https://registry.npmjs.org/@jridgewell/trace-mapping/-/trace-mapping-0.3.31.tgz 152ms (cache miss)
613 http fetch GET 200 https://registry.npmjs.org/util-deprecate/-/util-deprecate-1.0.2.tgz 158ms (cache miss)
614 http fetch GET 200 https://registry.npmjs.org/es-errors/-/es-errors-1.3.0.tgz 159ms (cache miss)
615 http fetch GET 200 https://registry.npmjs.org/is-core-module/-/is-core-module-2.16.2.tgz 169ms (cache miss)
616 http fetch GET 200 https://registry.npmjs.org/camelcase-css/-/camelcase-css-2.0.1.tgz 170ms (cache miss)
617 http fetch GET 200 https://registry.npmjs.org/postcss-value-parser/-/postcss-value-parser-4.2.0.tgz 171ms (cache miss)
618 http fetch GET 200 https://registry.npmjs.org/is-extglob/-/is-extglob-2.1.1.tgz 173ms (cache miss)
619 http fetch GET 200 https://registry.npmjs.org/nanoid/-/nanoid-3.3.18.tgz 176ms (cache miss)
620 http fetch GET 200 https://registry.npmjs.org/source-map-js/-/source-map-js-1.2.1.tgz 184ms (cache miss)
621 http fetch GET 200 https://registry.npmjs.org/queue-microtask/-/queue-microtask-1.2.3.tgz 226ms (cache miss)
622 http fetch GET 200 https://registry.npmjs.org/binary-extensions/-/binary-extensions-2.3.0.tgz 223ms (cache miss)
623 http fetch GET 200 https://registry.npmjs.org/to-regex-range/-/to-regex-range-5.0.1.tgz 223ms (cache miss)
624 http fetch GET 200 https://registry.npmjs.org/mz/-/mz-2.7.0.tgz 227ms (cache miss)
625 http fetch GET 200 https://registry.npmjs.org/pirates/-/pirates-4.0.7.tgz 231ms (cache miss)
626 http fetch GET 200 https://registry.npmjs.org/run-parallel/-/run-parallel-1.2.0.tgz 229ms (cache miss)
627 http fetch GET 200 https://registry.npmjs.org/reusify/-/reusify-1.1.0.tgz 230ms (cache miss)
628 http fetch GET 200 https://registry.npmjs.org/read-cache/-/read-cache-1.0.0.tgz 242ms (cache miss)
629 http fetch GET 200 https://registry.npmjs.org/tinyglobby/-/tinyglobby-0.2.17.tgz 249ms (cache miss)
630 http fetch GET 200 https://registry.npmjs.org/merge2/-/merge2-1.4.1.tgz 249ms (cache miss)
631 http fetch GET 200 https://registry.npmjs.org/fill-range/-/fill-range-7.1.1.tgz 261ms (cache miss)
632 http fetch GET 200 https://registry.npmjs.org/fastq/-/fastq-1.20.1.tgz 262ms (cache miss)
633 http fetch GET 200 https://registry.npmjs.org/is-binary-path/-/is-binary-path-2.1.0.tgz 262ms (cache miss)
634 http fetch GET 200 https://registry.npmjs.org/braces/-/braces-3.0.3.tgz 263ms (cache miss)
635 http fetch GET 200 https://registry.npmjs.org/readdirp/-/readdirp-3.6.0.tgz 264ms (cache miss)
636 http fetch GET 200 https://registry.npmjs.org/anymatch/-/anymatch-3.1.3.tgz 263ms (cache miss)
637 http fetch GET 200 https://registry.npmjs.org/postcss-js/-/postcss-js-4.1.0.tgz 265ms (cache miss)
638 http fetch GET 200 https://registry.npmjs.org/postcss-nested/-/postcss-nested-6.2.0.tgz 312ms (cache miss)
639 http fetch GET 200 https://registry.npmjs.org/postcss-load-config/-/postcss-load-config-4.0.2.tgz 313ms (cache miss)
640 http fetch GET 200 https://registry.npmjs.org/postcss-import/-/postcss-import-15.1.0.tgz 317ms (cache miss)
641 http fetch GET 200 https://registry.npmjs.org/normalize-path/-/normalize-path-3.0.0.tgz 341ms (cache miss)
642 http fetch GET 200 https://registry.npmjs.org/didyoumean/-/didyoumean-1.2.2.tgz 341ms (cache miss)
643 http fetch GET 200 https://registry.npmjs.org/picocolors/-/picocolors-1.1.1.tgz 349ms (cache miss)
644 http fetch GET 200 https://registry.npmjs.org/glob-parent/-/glob-parent-6.0.2.tgz 348ms (cache miss)
645 http fetch GET 200 https://registry.npmjs.org/is-glob/-/is-glob-4.0.3.tgz 352ms (cache miss)
646 http fetch GET 200 https://registry.npmjs.org/arg/-/arg-5.0.2.tgz 354ms (cache miss)
647 http fetch GET 200 https://registry.npmjs.org/micromatch/-/micromatch-4.0.8.tgz 355ms (cache miss)
648 http fetch GET 200 https://registry.npmjs.org/lilconfig/-/lilconfig-3.1.3.tgz 357ms (cache miss)
649 http fetch GET 200 https://registry.npmjs.org/dlv/-/dlv-1.1.3.tgz 365ms (cache miss)
650 http fetch GET 200 https://registry.npmjs.org/fsevents/-/fsevents-2.3.3.tgz 374ms (cache miss)
651 http fetch GET 200 https://registry.npmjs.org/chokidar/-/chokidar-3.6.0.tgz 371ms (cache miss)
652 http fetch GET 200 https://registry.npmjs.org/@nodelib/fs.stat/-/fs.stat-2.0.5.tgz 376ms (cache miss)
653 http fetch GET 200 https://registry.npmjs.org/@alloc/quick-lru/-/quick-lru-5.2.0.tgz 372ms (cache miss)
654 http fetch GET 200 https://registry.npmjs.org/object-hash/-/object-hash-3.0.0.tgz 374ms (cache miss)
655 http fetch GET 200 https://registry.npmjs.org/fdir/-/fdir-6.5.0.tgz 377ms (cache miss)
656 http fetch GET 200 https://registry.npmjs.org/glob-parent/-/glob-parent-5.1.2.tgz 378ms (cache miss)
657 http fetch GET 200 https://registry.npmjs.org/glob-parent/-/glob-parent-5.1.2.tgz 379ms (cache miss)
658 http fetch GET 200 https://registry.npmjs.org/picomatch/-/picomatch-2.3.2.tgz 386ms (cache miss)
659 http fetch GET 200 https://registry.npmjs.org/picomatch/-/picomatch-4.0.5.tgz 386ms (cache miss)
660 http fetch GET 200 https://registry.npmjs.org/@jridgewell/gen-mapping/-/gen-mapping-0.3.13.tgz 412ms (cache miss)
661 http fetch GET 200 https://registry.npmjs.org/@nodelib/fs.scandir/-/fs.scandir-2.1.5.tgz 411ms (cache miss)
662 http fetch GET 200 https://registry.npmjs.org/@nodelib/fs.walk/-/fs.walk-1.2.8.tgz 414ms (cache miss)
663 http fetch GET 200 https://registry.npmjs.org/postcss-selector-parser/-/postcss-selector-parser-6.1.4.tgz 452ms (cache miss)
664 http fetch GET 200 https://registry.npmjs.org/jiti/-/jiti-1.21.7.tgz 462ms (cache miss)
665 http fetch GET 200 https://registry.npmjs.org/postcss/-/postcss-8.5.26.tgz 472ms (cache miss)
666 http fetch GET 200 https://registry.npmjs.org/fast-glob/-/fast-glob-3.3.3.tgz 482ms (cache miss)
667 http fetch GET 200 https://registry.npmjs.org/resolve/-/resolve-1.22.12.tgz 577ms (cache miss)
668 http fetch GET 200 https://registry.npmjs.org/sucrase/-/sucrase-3.35.1.tgz 710ms (cache miss)
669 http fetch GET 200 https://registry.npmjs.org/yaml/-/yaml-2.9.0.tgz 716ms (cache miss)
670 http fetch GET 200 https://registry.npmjs.org/tailwindcss/-/tailwindcss-3.4.17.tgz 739ms (cache miss)
671 info run fsevents@2.3.3 install node_modules/fsevents node-gyp rebuild
672 info run fsevents@2.3.3 install { code: 1, signal: null }
673 verbose reify failed optional dependency /Users/jhomc/proyectos/entrenamiento/.npm/_npx/a040215083095e7d/node_modules/fsevents
674 silly reify mark deleted [
674 silly reify   '/Users/jhomc/proyectos/entrenamiento/.npm/_npx/a040215083095e7d/node_modules/fsevents'
674 silly reify ]
675 verbose cwd /Users/jhomc/Proyectos/entrenamiento
676 verbose os Darwin 25.5.0
677 verbose node v26.7.0
678 verbose npm  v11.19.0
679 notice
679 notice New major version of npm available! 11.19.0 -> 12.0.2
679 notice Changelog: https://github.com/npm/cli/releases/tag/v12.0.2
679 notice To update run: npm install -g npm@12.0.2
679 notice  { force: true, Symbol(proc-log.meta): true }
680 verbose exit 0
681 info ok
